Microchip MPLAB XC8 Compiler V1.32 ()

Linker command line:

--edf=/opt/microchip/xc8/v1.32/dat/en_msgs.txt -cs \
  -h+dist/default/production/p16f628a_test.X.production.sym \
  --cmf=dist/default/production/p16f628a_test.X.production.cmf -z -Q16F628A \
  -o/tmp/cgttHLKu9 -Mdist/default/production/p16f628a_test.X.production.map \
  -E1 -ver=XC8 -ASTACK=0A0h-0efh -pstack=STACK -ACONST=00h-0FFhx8 \
  -ACODE=00h-07FFh -ASTRCODE=00h-07FFh -AENTRY=00h-0FFhx8 \
  -ASTRING=00h-0FFhx8 -ACOMMON=070h-07Fh -ABANK0=020h-06Fh \
  -ABANK1=0A0h-0EFh -ABANK2=0120h-014Fh \
  -ARAM=020h-06Fh,0A0h-0EFh,0120h-014Fh \
  -AABS1=020h-07Fh,0A0h-0EFh,0120h-014Fh -ASFR0=00h-01Fh -ASFR1=080h-09Fh \
  -ASFR2=0100h-011Fh -ASFR3=0180h-01EFh \
  -preset_vec=00h,intentry=04h,init,end_init -ppowerup=CODE -pcinit=CODE \
  -pfunctab=CODE -ACONFIG=02007h-02007h -pconfig=CONFIG -DCONFIG=2 \
  -AIDLOC=02000h-02003h -pidloc=IDLOC -DIDLOC=2 -AEEDATA=00h-07Fh/02100h \
  -peeprom_data=EEDATA -DEEDATA=2 -DCODE=2 -DSTRCODE=2 -DSTRING=2 -DCONST=2 \
  -DENTRY=2 -k /tmp/cgtVPWwY9.obj \
  dist/default/production/p16f628a_test.X.production.obj 

Object code version is 3.11

Machine type is 16F628A



                Name                               Link     Load   Length Selector   Space Scale
/tmp/cgtVPWwY9.obj
                end_init                             10       10        1        8       0
                reset_vec                             0        0        1        0       0
                config                             2007     2007        1     400E       0
dist/default/production/p16f628a_test.X.production.obj
                cinit                                11       11        9        8       0
                intentry                              4        4        C        8       0
                text20                              43B      43B        A      4D4       0
                text19                              31E      31E       35      4D4       0
                text18                              42D      42D        E      4D4       0
                text17                              41C      41C       11      4D4       0
                text16                              387      387       27      4D4       0
                text15                              3AE      3AE       26      4D4       0
                text14                              40A      40A       12      4D4       0
                text13                              2AA      2AA       3E      4D4       0
                text12                              353      353       34      4D4       0
                text11                              44D      44D        8      4D4       0
                text10                              460      460        4      4D4       0
                text9                               186      186       A2        8       0
                text8                                1A       1A       C8        8       0
                text7                               3D4      3D4       22      4D4       0
                text6                               3F6      3F6       14      4D4       0
                text5                               26A      26A       40      4D4       0
                text4                               2E8      2E8       36      4D4       0
                text3                               445      445        8      4D4       0
                text2                               455      455        6      4D4       0
                text1                                E2       E2       A4        8       0
                maintext                            45B      45B        5      4D4       0
                cstackBANK0                          20       20       2F       20       1
                cstackCOMMON                         70       70        E       70       1
                bssBANK0                             4F       4F        7       20       1
                strings                             228      228       42      450       0

TOTAL           Name                               Link     Load   Length     Space
        CLASS   STACK          

        CLASS   CONST          

        CLASS   CODE           
                end_init                             10       10        1         0
                cinit                                11       11        9         0
                intentry                              4        4        C         0
                reset_vec                             0        0        1         0
                text20                              43B      43B        A         0
                text19                              31E      31E       35         0
                text18                              42D      42D        E         0
                text17                              41C      41C       11         0
                text16                              387      387       27         0
                text15                              3AE      3AE       26         0
                text14                              40A      40A       12         0
                text13                              2AA      2AA       3E         0
                text12                              353      353       34         0
                text11                              44D      44D        8         0
                text10                              460      460        4         0
                text9                               186      186       A2         0
                text8                                1A       1A       C8         0
                text7                               3D4      3D4       22         0
                text6                               3F6      3F6       14         0
                text5                               26A      26A       40         0
                text4                               2E8      2E8       36         0
                text3                               445      445        8         0
                text2                               455      455        6         0
                text1                                E2       E2       A4         0
                maintext                            45B      45B        5         0

        CLASS   STRCODE        

        CLASS   ENTRY          

        CLASS   STRING         
                strings                             228      228       42         0

        CLASS   COMMON         
                cstackCOMMON                         70       70        E         1

        CLASS   BANK0          
                cstackBANK0                          20       20       2F         1
                bssBANK0                             4F       4F        7         1

        CLASS   BANK1          

        CLASS   BANK2          

        CLASS   RAM            

        CLASS   ABS1           
                abs_s1                               7E       7E        2         1

        CLASS   SFR0           

        CLASS   SFR1           

        CLASS   SFR2           

        CLASS   SFR3           

        CLASS   CONFIG         
                config                             2007     2007        1         0

        CLASS   IDLOC          

        CLASS   EEDATA         

        CLASS   BANK3          



SEGMENTS        Name                           Load    Length   Top    Selector   Space  Class     Delta

                reset_vec                      000000  000001  000001         0       0  CODE        2
                intentry                       000004  000224  000228         8       0  CODE        2
                cstackBANK0                    000020  000036  000056        20       1  BANK0       1
                cstackCOMMON                   000070  00000E  00007E        70       1  COMMON      1
                strings                        000228  000042  00026A       450       0  STRING      2
                text5                          00026A  0001FA  000464       4D4       0  CODE        2
                config                         002007  000001  002008      400E       0  CONFIG      2


UNUSED ADDRESS RANGES

        Name                Unused          Largest block    Delta
        BANK0            0056-006F             1A           1
        BANK1            00A0-00EF             50           1
        BANK2            0120-014F             30           1
        CODE             0001-0003              3           2
                         0464-07FF            39C
        CONST            0001-0003              3           2
                         0464-07FF            100
        EEDATA           2100-217F             80           2
        ENTRY            0001-0003              3           2
                         0464-07FF            100
        IDLOC            2000-2003              4           2
        RAM              0056-006F             1A           1
                         00A0-00EF             50
                         0120-014F             30
        SFR0             0000-001F             20           1
        SFR1             0080-009F             20           1
        SFR2             0100-011F             20           1
        SFR3             0180-01EF             70           1
        STACK            00A0-00EF             50           1
        STRCODE          0001-0003              3           2
                         0464-07FF            39C
        STRING           0001-0003              3           2
                         0464-07FF            100

                                  Symbol Table

?___lwdiv                cstackBANK0  0035
?___lwmod                cstackBANK0  003D
?_printf                 cstackCOMMON 0070
?_strcmp                 cstackCOMMON 0070
?i1___lwdiv              cstackCOMMON 0070
?i1___lwmod              cstackCOMMON 0078
?i1_printf               cstackBANK0  0020
ISR@b                    cstackBANK0  0034
ISR@i                    bssBANK0     004F
USART_putc@Byte          cstackBANK0  0035
_BOARD_init              text7        03D4
_BRGH                    (abs)        04C2
_CREN                    (abs)        00C4
_GIE                     (abs)        005F
_ISR                     text8        001A
_OERR                    (abs)        00C1
_PEIE                    (abs)        005E
_PORTA                   (abs)        0005
_RA0                     (abs)        0028
_RA3                     (abs)        002B
_RB5                     (abs)        0035
_RCIE                    (abs)        0465
_RCIF                    (abs)        0065
_RCREG                   (abs)        001A
_RX9                     (abs)        00C6
_SPBRG                   (abs)        0099
_SPEN                    (abs)        00C7
_SREN                    (abs)        00C5
_SYNC                    (abs)        04C4
_TMR0IF                  (abs)        005A
_TRISA0                  (abs)        0428
_TRISA1                  (abs)        0429
_TRISA2                  (abs)        042A
_TRISA3                  (abs)        042B
_TRISB1                  (abs)        0431
_TRISB2                  (abs)        0432
_TRISB3                  (abs)        0433
_TRISB5                  (abs)        0435
_TX9                     (abs)        04C6
_TXEN                    (abs)        04C5
_TXIE                    (abs)        0464
_TXIF                    (abs)        0064
_TXREG                   (abs)        0019
_USART_getc              text20       043B
_USART_putc              text3        0445
__CFG_BOREN$ON           (abs)        0000
__CFG_CP$OFF             (abs)        0000
__CFG_CPD$OFF            (abs)        0000
__CFG_FOSC$INTOSCIO      (abs)        0000
__CFG_LVP$OFF            (abs)        0000
__CFG_MCLRE$ON           (abs)        0000
__CFG_PWRTE$ON           (abs)        0000
__CFG_WDTE$OFF           (abs)        0000
__Habs1                  abs1         0000
__Hbank0                 bank0        0000
__Hbank1                 bank1        0000
__Hbank2                 bank2        0000
__Hbank3                 bank3        0000
__HbssBANK0              bssBANK0     0000
__Hcinit                 cinit        001A
__Hclrtext               clrtext      0000
__Hcode                  code         0000
__Hcommon                common       0000
__Hconfig                config       2008
__HcstackBANK0           cstackBANK0  0000
__HcstackCOMMON          cstackCOMMON 0000
__Heeprom_data           eeprom_data  0000
__Hend_init              end_init     0011
__Hfunctab               functab      0000
__Hidloc                 idloc        0000
__Hinit                  init         0010
__Hintentry              intentry     0010
__Hmaintext              maintext     0000
__Hpowerup               powerup      0000
__Hram                   ram          0000
__Hreset_vec             reset_vec    0001
__Hsfr0                  sfr0         0000
__Hsfr1                  sfr1         0000
__Hsfr2                  sfr2         0000
__Hsfr3                  sfr3         0000
__Hspace_0               (abs)        2008
__Hspace_1               (abs)        007E
__Hspace_2               (abs)        0000
__Hspace_3               (abs)        0000
__Hstack                 stack        0000
__Hstrings               strings      0000
__Htext                  text         0000
__Labs1                  abs1         0000
__Lbank0                 bank0        0000
__Lbank1                 bank1        0000
__Lbank2                 bank2        0000
__Lbank3                 bank3        0000
__LbssBANK0              bssBANK0     0000
__Lcinit                 cinit        0011
__Lclrtext               clrtext      0000
__Lcode                  code         0000
__Lcommon                common       0000
__Lconfig                config       2007
__LcstackBANK0           cstackBANK0  0000
__LcstackCOMMON          cstackCOMMON 0000
__Leeprom_data           eeprom_data  0000
__Lend_init              end_init     0010
__Lfunctab               functab      0000
__Lidloc                 idloc        0000
__Linit                  init         0010
__Lintentry              intentry     0004
__Lmaintext              maintext     0000
__Lpowerup               powerup      0000
__Lram                   ram          0000
__Lreset_vec             reset_vec    0000
__Lsfr0                  sfr0         0000
__Lsfr1                  sfr1         0000
__Lsfr2                  sfr2         0000
__Lsfr3                  sfr3         0000
__Lspace_0               (abs)        0000
__Lspace_1               (abs)        0000
__Lspace_2               (abs)        0000
__Lspace_3               (abs)        0000
__Lstack                 stack        0000
__Lstrings               strings      0000
__Ltext                  text         0000
__S0                     (abs)        2008
__S1                     (abs)        007E
__S2                     (abs)        0000
__S3                     (abs)        0000
___int_sp                stack        0000
___latbits               (abs)        0000
___lwdiv                 text5        026A
___lwdiv@counter         cstackBANK0  003C
___lwdiv@dividend        cstackBANK0  0037
___lwdiv@divisor         cstackBANK0  0035
___lwdiv@quotient        cstackBANK0  003A
___lwmod                 text4        02E8
___lwmod@counter         cstackBANK0  0042
___lwmod@dividend        cstackBANK0  003F
___lwmod@divisor         cstackBANK0  003D
___sp                    stack        0000
__end_of_BOARD_init      text7        03F6
__end_of_ISR             text8        00E2
__end_of_USART_getc      text20       0445
__end_of_USART_putc      text3        044D
__end_of___lwdiv         text5        02AA
__end_of___lwmod         text4        031E
__end_of__initialization cinit        0018
__end_of__stringdata     strings      026A
__end_of__stringtab      strings      022E
__end_of_buzz_error      text19       0353
__end_of_buzz_ok         text6        040A
__end_of_dpowers         strings      0238
__end_of_isalpha         text17       042D
__end_of_isupper         text18       043B
__end_of_main            maintext     0460
__end_of_printf          text1        0186
__end_of_putch           text2        045B
__end_of_set_portAbit    text16       03AE
__end_of_strcmp          text15       03D4
__end_ofi1_USART_putc    text11       0455
__end_ofi1___lwdiv       text13       02E8
__end_ofi1___lwmod       text12       0387
__end_ofi1_buzz_ok       text14       041C
__end_ofi1_printf        text9        0228
__end_ofi1_putch         text10       0464
__initialization         cinit        0011
__pbssBANK0              bssBANK0     004F
__pcstackBANK0           cstackBANK0  0020
__pcstackCOMMON          cstackCOMMON 0070
__pintentry              intentry     0004
__pmaintext              maintext     045B
__pstrings               strings      0228
__ptext1                 text1        00E2
__ptext10                text10       0460
__ptext11                text11       044D
__ptext12                text12       0353
__ptext13                text13       02AA
__ptext14                text14       040A
__ptext15                text15       03AE
__ptext16                text16       0387
__ptext17                text17       041C
__ptext18                text18       042D
__ptext19                text19       031E
__ptext2                 text2        0455
__ptext20                text20       043B
__ptext3                 text3        0445
__ptext4                 text4        02E8
__ptext5                 text5        026A
__ptext6                 text6        03F6
__ptext7                 text7        03D4
__ptext8                 text8        001A
__ptext9                 text9        0186
__size_of_BOARD_init     (abs)        0000
__size_of_ISR            (abs)        0000
__size_of_USART_getc     (abs)        0000
__size_of_USART_putc     (abs)        0000
__size_of___lwdiv        (abs)        0000
__size_of___lwmod        (abs)        0000
__size_of_buzz_error     (abs)        0000
__size_of_buzz_ok        (abs)        0000
__size_of_isalpha        (abs)        0000
__size_of_isupper        (abs)        0000
__size_of_main           (abs)        0000
__size_of_printf         (abs)        0000
__size_of_putch          (abs)        0000
__size_of_set_portAbit   (abs)        0000
__size_of_strcmp         (abs)        0000
__size_ofi1_USART_putc   (abs)        0000
__size_ofi1___lwdiv      (abs)        0000
__size_ofi1___lwmod      (abs)        0000
__size_ofi1_buzz_ok      (abs)        0000
__size_ofi1_printf       (abs)        0000
__size_ofi1_putch        (abs)        0000
__stringbase             strings      022D
__stringdata             strings      0238
__stringtab              strings      0228
_buzz_error              text19       031E
_buzz_ok                 text6        03F6
_dpowers                 strings      022E
_isalpha                 text17       041C
_isalpha$342             cstackCOMMON 0072
_isupper                 text18       042D
_isupper$345             cstackCOMMON 0070
_main                    maintext     045B
_printf                  text1        00E2
_putch                   text2        0455
_receive_buffer          bssBANK0     0051
_sPORTA                  bssBANK0     0050
_set_portAbit            text16       0387
_strcmp                  text15       03AE
btemp                    (abs)        007E
buzz_error@buzz          cstackCOMMON 0072
buzz_ok@buzz             cstackBANK0  0036
end_of_initialization    cinit        0018
i1USART_putc@Byte        cstackCOMMON 0070
i1_USART_putc            text11       044D
i1___lwdiv               text13       02AA
i1___lwdiv@counter       cstackCOMMON 0077
i1___lwdiv@dividend      cstackCOMMON 0072
i1___lwdiv@divisor       cstackCOMMON 0070
i1___lwdiv@quotient      cstackCOMMON 0075
i1___lwmod               text12       0353
i1___lwmod@counter       cstackCOMMON 007D
i1___lwmod@dividend      cstackCOMMON 007A
i1___lwmod@divisor       cstackCOMMON 0078
i1_buzz_ok               text14       040A
i1_printf                text9        0186
i1_putch                 text10       0460
i1buzz_ok@buzz           cstackCOMMON 0071
i1printf@_val            cstackBANK0  0028
i1printf@ap              cstackBANK0  0025
i1printf@c               cstackBANK0  002C
i1printf@f               cstackBANK0  0024
i1printf@flag            cstackBANK0  0026
i1printf@prec            cstackBANK0  0027
i1putch@byte             cstackCOMMON 0071
interrupt_function       intentry     0004
intlevel0                functab      0000
intlevel1                functab      0000
intlevel2                functab      0000
intlevel3                functab      0000
intlevel4                functab      0000
intlevel5                functab      0000
isalpha@c                cstackCOMMON 0073
isupper@c                cstackCOMMON 0071
ltemp                    (abs)        007E
ltemp0                   (abs)        007E
ltemp1                   (abs)        0082
ltemp2                   (abs)        0086
ltemp3                   (abs)        0080
printf@_val              cstackBANK0  004A
printf@ap                cstackBANK0  0046
printf@c                 cstackBANK0  004E
printf@f                 cstackBANK0  0049
printf@flag              cstackBANK0  0047
printf@prec              cstackBANK0  0048
putch@byte               cstackBANK0  0036
reset_vec                reset_vec    0000
saved_w                  (abs)        007E
set_portAbit@bt          cstackCOMMON 0073
set_portAbit@val         cstackCOMMON 0070
stackhi                  (abs)        0000
stacklo                  (abs)        0000
start                    init         0010
start_initialization     cinit        0011
strcmp@r                 cstackCOMMON 0074
strcmp@s1                cstackCOMMON 0075
strcmp@s2                cstackCOMMON 0070
ttemp                    (abs)        007E
ttemp0                   (abs)        007E
ttemp1                   (abs)        0081
ttemp2                   (abs)        0084
ttemp3                   (abs)        0087
ttemp4                   (abs)        007F
wtemp                    (abs)        007E
wtemp0                   (abs)        007E
wtemp1                   (abs)        0080
wtemp2                   (abs)        0082
wtemp3                   (abs)        0084
wtemp4                   (abs)        0086
wtemp5                   (abs)        0088
wtemp6                   (abs)        007F


FUNCTION INFORMATION:

 *************** function _main *****************
 Defined at:
		line 59 in file "main.c"
 Parameters:    Size  Location     Type
		None
 Auto vars:     Size  Location     Type
		None
 Return value:  Size  Location     Type
		None               void
 Registers used:
		wreg, fsr0l, fsr0h, status,2, status,0, btemp+1, pclath, cstack
 Tracked objects:
		On entry : 
		On exit  : 
		Unchanged: 
 Data sizes:     COMMON   BANK0   BANK1   BANK2
      Params:         0       0       0       0
      Locals:         0       0       0       0
      Temps:          0       0       0       0
      Totals:         0       0       0       0
Total ram usage:        0 bytes
 Hardware stack levels required when called:    7
 This function calls:
		_BOARD_init
		_buzz_ok
		_printf
 This function is called by:
		Startup code after reset
 This function uses a non-reentrant model


 *************** function _printf *****************
 Defined at:
		line 464 in file "/opt/microchip/xc8/v1.32/sources/common/doprnt.c"
 Parameters:    Size  Location     Type
  f               1    wreg     PTR const unsigned char 
		 -> STR_8(5), STR_4(12), STR_1(8), 
 Auto vars:     Size  Location     Type
  f               1   41[BANK0 ] PTR const unsigned char 
		 -> STR_8(5), STR_4(12), STR_1(8), 
  _val            4   42[BANK0 ] struct .
  c               1   46[BANK0 ] char 
  prec            1   40[BANK0 ] char 
  flag            1   39[BANK0 ] unsigned char 
  ap              1   38[BANK0 ] PTR void [1]
		 -> ?i1_printf(2), ?_printf(2), 
 Return value:  Size  Location     Type
                  2    4[COMMON] int 
 Registers used:
		wreg, fsr0l, fsr0h, status,2, status,0, btemp+1, pclath, cstack
 Tracked objects:
		On entry : 
		On exit  : 
		Unchanged: 
 Data sizes:     COMMON   BANK0   BANK1   BANK2
      Params:         0       0       0       0
      Locals:         0       9       0       0
      Temps:          0       3       0       0
      Totals:         0      12       0       0
Total ram usage:       12 bytes
 Hardware stack levels used:    1
 Hardware stack levels required when called:    6
 This function calls:
		___lwdiv
		___lwmod
		_putch
 This function is called by:
		_main
 This function uses a non-reentrant model


 *************** function _putch *****************
 Defined at:
		line 188 in file "main.c"
 Parameters:    Size  Location     Type
  byte            1    wreg     unsigned char 
 Auto vars:     Size  Location     Type
  byte            1   22[BANK0 ] unsigned char 
 Return value:  Size  Location     Type
		None               void
 Registers used:
		wreg, status,2, status,0, pclath, cstack
 Tracked objects:
		On entry : 
		On exit  : 
		Unchanged: 
 Data sizes:     COMMON   BANK0   BANK1   BANK2
      Params:         0       0       0       0
      Locals:         0       1       0       0
      Temps:          0       0       0       0
      Totals:         0       1       0       0
Total ram usage:        1 bytes
 Hardware stack levels used:    1
 Hardware stack levels required when called:    5
 This function calls:
		_USART_putc
 This function is called by:
		_printf
 This function uses a non-reentrant model


 *************** function _USART_putc *****************
 Defined at:
		line 143 in file "main.c"
 Parameters:    Size  Location     Type
  Byte            1    wreg     unsigned char 
 Auto vars:     Size  Location     Type
  Byte            1   21[BANK0 ] unsigned char 
 Return value:  Size  Location     Type
		None               void
 Registers used:
		wreg
 Tracked objects:
		On entry : 
		On exit  : 
		Unchanged: 
 Data sizes:     COMMON   BANK0   BANK1   BANK2
      Params:         0       0       0       0
      Locals:         0       1       0       0
      Temps:          0       0       0       0
      Totals:         0       1       0       0
Total ram usage:        1 bytes
 Hardware stack levels used:    1
 Hardware stack levels required when called:    4
 This function calls:
		Nothing
 This function is called by:
		_putch
 This function uses a non-reentrant model


 *************** function ___lwmod *****************
 Defined at:
		line 6 in file "/opt/microchip/xc8/v1.32/sources/common/lwmod.c"
 Parameters:    Size  Location     Type
  divisor         2   29[BANK0 ] unsigned int 
  dividend        2   31[BANK0 ] unsigned int 
 Auto vars:     Size  Location     Type
  counter         1   34[BANK0 ] unsigned char 
 Return value:  Size  Location     Type
                  2   29[BANK0 ] unsigned int 
 Registers used:
		wreg, status,2, status,0
 Tracked objects:
		On entry : 
		On exit  : 
		Unchanged: 
 Data sizes:     COMMON   BANK0   BANK1   BANK2
      Params:         0       4       0       0
      Locals:         0       1       0       0
      Temps:          0       1       0       0
      Totals:         0       6       0       0
Total ram usage:        6 bytes
 Hardware stack levels used:    1
 Hardware stack levels required when called:    4
 This function calls:
		Nothing
 This function is called by:
		_printf
 This function uses a non-reentrant model


 *************** function ___lwdiv *****************
 Defined at:
		line 6 in file "/opt/microchip/xc8/v1.32/sources/common/lwdiv.c"
 Parameters:    Size  Location     Type
  divisor         2   21[BANK0 ] unsigned int 
  dividend        2   23[BANK0 ] unsigned int 
 Auto vars:     Size  Location     Type
  quotient        2   26[BANK0 ] unsigned int 
  counter         1   28[BANK0 ] unsigned char 
 Return value:  Size  Location     Type
                  2   21[BANK0 ] unsigned int 
 Registers used:
		wreg, status,2, status,0
 Tracked objects:
		On entry : 
		On exit  : 
		Unchanged: 
 Data sizes:     COMMON   BANK0   BANK1   BANK2
      Params:         0       4       0       0
      Locals:         0       3       0       0
      Temps:          0       1       0       0
      Totals:         0       8       0       0
Total ram usage:        8 bytes
 Hardware stack levels used:    1
 Hardware stack levels required when called:    4
 This function calls:
		Nothing
 This function is called by:
		_printf
 This function uses a non-reentrant model


 *************** function _buzz_ok *****************
 Defined at:
		line 162 in file "main.c"
 Parameters:    Size  Location     Type
		None
 Auto vars:     Size  Location     Type
  buzz            1   22[BANK0 ] unsigned char 
 Return value:  Size  Location     Type
		None               void
 Registers used:
		wreg, status,2, status,0
 Tracked objects:
		On entry : 
		On exit  : 
		Unchanged: 
 Data sizes:     COMMON   BANK0   BANK1   BANK2
      Params:         0       0       0       0
      Locals:         0       1       0       0
      Temps:          0       1       0       0
      Totals:         0       2       0       0
Total ram usage:        2 bytes
 Hardware stack levels used:    1
 Hardware stack levels required when called:    4
 This function calls:
		Nothing
 This function is called by:
		_main
 This function uses a non-reentrant model


 *************** function _BOARD_init *****************
 Defined at:
		line 67 in file "main.c"
 Parameters:    Size  Location     Type
		None
 Auto vars:     Size  Location     Type
		None
 Return value:  Size  Location     Type
		None               void
 Registers used:
		wreg
 Tracked objects:
		On entry : 
		On exit  : 
		Unchanged: 
 Data sizes:     COMMON   BANK0   BANK1   BANK2
      Params:         0       0       0       0
      Locals:         0       0       0       0
      Temps:          0       0       0       0
      Totals:         0       0       0       0
Total ram usage:        0 bytes
 Hardware stack levels used:    1
 Hardware stack levels required when called:    4
 This function calls:
		Nothing
 This function is called by:
		_main
 This function uses a non-reentrant model


 *************** function _ISR *****************
 Defined at:
		line 98 in file "main.c"
 Parameters:    Size  Location     Type
		None
 Auto vars:     Size  Location     Type
  b               1   20[BANK0 ] unsigned char 
 Return value:  Size  Location     Type
		None               void
 Registers used:
		wreg, fsr0l, fsr0h, status,2, status,0, btemp+1, pclath, cstack
 Tracked objects:
		On entry : 
		On exit  : 
		Unchanged: 
 Data sizes:     COMMON   BANK0   BANK1   BANK2
      Params:         0       0       0       0
      Locals:         0       1       0       0
      Temps:          0       7       0       0
      Totals:         0       8       0       0
Total ram usage:        8 bytes
 Hardware stack levels used:    1
 Hardware stack levels required when called:    3
 This function calls:
		_USART_getc
		_buzz_error
		_isalpha
		_set_portAbit
		_strcmp
		i1_buzz_ok
		i1_printf
 This function is called by:
		Interrupt level 1
 This function uses a non-reentrant model


 *************** function i1_printf *****************
 Defined at:
		line 464 in file "/opt/microchip/xc8/v1.32/sources/common/doprnt.c"
 Parameters:    Size  Location     Type
  f               1    wreg     PTR const unsigned char 
		 -> STR_8(5), STR_4(12), STR_1(8), 
 Auto vars:     Size  Location     Type
  f               1    4[BANK0 ] PTR const unsigned char 
		 -> STR_8(5), STR_4(12), STR_1(8), 
  printf          4    8[BANK0 ] struct .
  printf          1   12[BANK0 ] char 
  printf          1    7[BANK0 ] char 
  printf          1    6[BANK0 ] unsigned char 
  printf          1    5[BANK0 ] PTR void [1]
		 -> ?i1_printf(2), ?_printf(2), 
 Return value:  Size  Location     Type
                  2    0[BANK0 ] int 
 Registers used:
		wreg, fsr0l, fsr0h, status,2, status,0, btemp+1, pclath, cstack
 Tracked objects:
		On entry : 
		On exit  : 
		Unchanged: 
 Data sizes:     COMMON   BANK0   BANK1   BANK2
      Params:         0       1       0       0
      Locals:         0       9       0       0
      Temps:          0       3       0       0
      Totals:         0      13       0       0
Total ram usage:       13 bytes
 Hardware stack levels used:    1
 Hardware stack levels required when called:    2
 This function calls:
		i1___lwdiv
		i1___lwmod
		i1_putch
 This function is called by:
		_ISR
 This function uses a non-reentrant model


 *************** function i1_putch *****************
 Defined at:
		line 188 in file "main.c"
 Parameters:    Size  Location     Type
  byte            1    wreg     unsigned char 
 Auto vars:     Size  Location     Type
  byte            1    1[COMMON] unsigned char 
 Return value:  Size  Location     Type
		None               void
 Registers used:
		wreg, status,2, status,0, pclath, cstack
 Tracked objects:
		On entry : 
		On exit  : 
		Unchanged: 
 Data sizes:     COMMON   BANK0   BANK1   BANK2
      Params:         0       0       0       0
      Locals:         1       0       0       0
      Temps:          0       0       0       0
      Totals:         1       0       0       0
Total ram usage:        1 bytes
 Hardware stack levels used:    1
 Hardware stack levels required when called:    1
 This function calls:
		i1_USART_putc
 This function is called by:
		i1_printf
 This function uses a non-reentrant model


 *************** function i1_USART_putc *****************
 Defined at:
		line 143 in file "main.c"
 Parameters:    Size  Location     Type
  Byte            1    wreg     unsigned char 
 Auto vars:     Size  Location     Type
  Byte            1    0[COMMON] unsigned char 
 Return value:  Size  Location     Type
		None               void
 Registers used:
		wreg
 Tracked objects:
		On entry : 
		On exit  : 
		Unchanged: 
 Data sizes:     COMMON   BANK0   BANK1   BANK2
      Params:         0       0       0       0
      Locals:         1       0       0       0
      Temps:          0       0       0       0
      Totals:         1       0       0       0
Total ram usage:        1 bytes
 Hardware stack levels used:    1
 This function calls:
		Nothing
 This function is called by:
		i1_putch
 This function uses a non-reentrant model


 *************** function i1___lwmod *****************
 Defined at:
		line 6 in file "/opt/microchip/xc8/v1.32/sources/common/lwmod.c"
 Parameters:    Size  Location     Type
  divisor         2    8[COMMON] unsigned int 
  dividend        2   10[COMMON] unsigned int 
 Auto vars:     Size  Location     Type
  __lwmod         1   13[COMMON] unsigned char 
 Return value:  Size  Location     Type
                  2    8[COMMON] unsigned int 
 Registers used:
		wreg, status,2, status,0
 Tracked objects:
		On entry : 
		On exit  : 
		Unchanged: 
 Data sizes:     COMMON   BANK0   BANK1   BANK2
      Params:         4       0       0       0
      Locals:         1       0       0       0
      Temps:          1       0       0       0
      Totals:         6       0       0       0
Total ram usage:        6 bytes
 Hardware stack levels used:    1
 This function calls:
		Nothing
 This function is called by:
		i1_printf
 This function uses a non-reentrant model


 *************** function i1___lwdiv *****************
 Defined at:
		line 6 in file "/opt/microchip/xc8/v1.32/sources/common/lwdiv.c"
 Parameters:    Size  Location     Type
  divisor         2    0[COMMON] unsigned int 
  dividend        2    2[COMMON] unsigned int 
 Auto vars:     Size  Location     Type
  __lwdiv         2    5[COMMON] unsigned int 
  __lwdiv         1    7[COMMON] unsigned char 
 Return value:  Size  Location     Type
                  2    0[COMMON] unsigned int 
 Registers used:
		wreg, status,2, status,0
 Tracked objects:
		On entry : 
		On exit  : 
		Unchanged: 
 Data sizes:     COMMON   BANK0   BANK1   BANK2
      Params:         4       0       0       0
      Locals:         3       0       0       0
      Temps:          1       0       0       0
      Totals:         8       0       0       0
Total ram usage:        8 bytes
 Hardware stack levels used:    1
 This function calls:
		Nothing
 This function is called by:
		i1_printf
 This function uses a non-reentrant model


 *************** function i1_buzz_ok *****************
 Defined at:
		line 162 in file "main.c"
 Parameters:    Size  Location     Type
		None
 Auto vars:     Size  Location     Type
  buzz_ok         1    1[COMMON] unsigned char 
 Return value:  Size  Location     Type
		None               void
 Registers used:
		wreg, status,2, status,0
 Tracked objects:
		On entry : 
		On exit  : 
		Unchanged: 
 Data sizes:     COMMON   BANK0   BANK1   BANK2
      Params:         0       0       0       0
      Locals:         1       0       0       0
      Temps:          1       0       0       0
      Totals:         2       0       0       0
Total ram usage:        2 bytes
 Hardware stack levels used:    1
 This function calls:
		Nothing
 This function is called by:
		_ISR
 This function uses a non-reentrant model


 *************** function _strcmp *****************
 Defined at:
		line 33 in file "/opt/microchip/xc8/v1.32/sources/common/strcmp.c"
 Parameters:    Size  Location     Type
  s1              1    wreg     PTR const unsigned char 
		 -> receive_buffer(5), 
  s2              1    0[COMMON] PTR const unsigned char 
		 -> STR_7(5), STR_6(5), STR_5(5), STR_3(5), 
		 -> STR_2(5), 
 Auto vars:     Size  Location     Type
  s1              1    5[COMMON] PTR const unsigned char 
		 -> receive_buffer(5), 
  r               1    4[COMMON] char 
 Return value:  Size  Location     Type
                  2    0[COMMON] int 
 Registers used:
		wreg, fsr0l, fsr0h, status,2, status,0, pclath
 Tracked objects:
		On entry : 
		On exit  : 
		Unchanged: 
 Data sizes:     COMMON   BANK0   BANK1   BANK2
      Params:         2       0       0       0
      Locals:         2       0       0       0
      Temps:          2       0       0       0
      Totals:         6       0       0       0
Total ram usage:        6 bytes
 Hardware stack levels used:    2
 This function calls:
		Nothing
 This function is called by:
		_ISR
 This function uses a non-reentrant model


 *************** function _set_portAbit *****************
 Defined at:
		line 193 in file "main.c"
 Parameters:    Size  Location     Type
  bt              1    wreg     unsigned char 
  val             1    0[COMMON] unsigned char 
 Auto vars:     Size  Location     Type
  bt              1    3[COMMON] unsigned char 
 Return value:  Size  Location     Type
		None               void
 Registers used:
		wreg, status,2, status,0
 Tracked objects:
		On entry : 
		On exit  : 
		Unchanged: 
 Data sizes:     COMMON   BANK0   BANK1   BANK2
      Params:         1       0       0       0
      Locals:         1       0       0       0
      Temps:          2       0       0       0
      Totals:         4       0       0       0
Total ram usage:        4 bytes
 Hardware stack levels used:    1
 This function calls:
		Nothing
 This function is called by:
		_ISR
 This function uses a non-reentrant model


 *************** function _isalpha *****************
 Defined at:
		line 8 in file "/opt/microchip/xc8/v1.32/sources/common/isalpha.c"
 Parameters:    Size  Location     Type
  c               1    wreg     unsigned char 
 Auto vars:     Size  Location     Type
  c               1    3[COMMON] unsigned char 
 Return value:  Size  Location     Type
		None               void
 Registers used:
		wreg, status,2, status,0, pclath, cstack
 Tracked objects:
		On entry : 
		On exit  : 
		Unchanged: 
 Data sizes:     COMMON   BANK0   BANK1   BANK2
      Params:         0       0       0       0
      Locals:         2       0       0       0
      Temps:          0       0       0       0
      Totals:         2       0       0       0
Total ram usage:        2 bytes
 Hardware stack levels used:    1
 Hardware stack levels required when called:    1
 This function calls:
		_isupper
 This function is called by:
		_ISR
 This function uses a non-reentrant model


 *************** function _isupper *****************
 Defined at:
		line 8 in file "/opt/microchip/xc8/v1.32/sources/common/isupper.c"
 Parameters:    Size  Location     Type
  c               1    wreg     unsigned char 
 Auto vars:     Size  Location     Type
  c               1    1[COMMON] unsigned char 
 Return value:  Size  Location     Type
		None               void
 Registers used:
		wreg, status,2, status,0
 Tracked objects:
		On entry : 
		On exit  : 
		Unchanged: 
 Data sizes:     COMMON   BANK0   BANK1   BANK2
      Params:         0       0       0       0
      Locals:         2       0       0       0
      Temps:          0       0       0       0
      Totals:         2       0       0       0
Total ram usage:        2 bytes
 Hardware stack levels used:    1
 This function calls:
		Nothing
 This function is called by:
		_isalpha
 This function uses a non-reentrant model


 *************** function _buzz_error *****************
 Defined at:
		line 172 in file "main.c"
 Parameters:    Size  Location     Type
		None
 Auto vars:     Size  Location     Type
  buzz            1    2[COMMON] unsigned char 
 Return value:  Size  Location     Type
		None               void
 Registers used:
		wreg, status,2, status,0
 Tracked objects:
		On entry : 
		On exit  : 
		Unchanged: 
 Data sizes:     COMMON   BANK0   BANK1   BANK2
      Params:         0       0       0       0
      Locals:         1       0       0       0
      Temps:          2       0       0       0
      Totals:         3       0       0       0
Total ram usage:        3 bytes
 Hardware stack levels used:    1
 This function calls:
		Nothing
 This function is called by:
		_ISR
 This function uses a non-reentrant model


 *************** function _USART_getc *****************
 Defined at:
		line 149 in file "main.c"
 Parameters:    Size  Location     Type
		None
 Auto vars:     Size  Location     Type
		None
 Return value:  Size  Location     Type
                  1    wreg      unsigned char 
 Registers used:
		wreg
 Tracked objects:
		On entry : 
		On exit  : 
		Unchanged: 
 Data sizes:     COMMON   BANK0   BANK1   BANK2
      Params:         0       0       0       0
      Locals:         0       0       0       0
      Temps:          0       0       0       0
      Totals:         0       0       0       0
Total ram usage:        0 bytes
 Hardware stack levels used:    1
 This function calls:
		Nothing
 This function is called by:
		_ISR
 This function uses a non-reentrant model



MODULE INFORMATION

Module		Function		Class		Link	Load	Size
/opt/microchip/xc8/v1.32/sources/common/lwmod.c
		___lwmod       		CODE           	02E8	0000	54

/opt/microchip/xc8/v1.32/sources/common/lwmod.c estimated size: 54

/opt/microchip/xc8/v1.32/sources/common/isupper.c
		_isupper       		CODE           	042D	0000	14

/opt/microchip/xc8/v1.32/sources/common/isupper.c estimated size: 14

/opt/microchip/xc8/v1.32/sources/common/lwdiv.c
		___lwdiv       		CODE           	026A	0000	64

/opt/microchip/xc8/v1.32/sources/common/lwdiv.c estimated size: 64

/opt/microchip/xc8/v1.32/sources/common/strcmp.c
		_strcmp        		CODE           	03AE	0000	38

/opt/microchip/xc8/v1.32/sources/common/strcmp.c estimated size: 38

/opt/microchip/xc8/v1.32/sources/common/isalpha.c
		_isalpha       		CODE           	041C	0000	17

/opt/microchip/xc8/v1.32/sources/common/isalpha.c estimated size: 17

shared
		i1_printf      		CODE           	0186	0000	162
		i1_putch       		CODE           	0460	0000	4
		__stringtab    		STRING         	0228	0000	6
		__stringdata   		STRING         	0238	0000	50
		i1___lwdiv     		CODE           	02AA	0000	62
		_dpowers       		STRING         	022E	0000	10
		i1_buzz_ok     		CODE           	040A	0000	18
		i1___lwmod     		CODE           	0353	0000	52
		__initializatio		CODE           	0011	0000	7
		i1_USART_putc  		CODE           	044D	0000	8

shared estimated size: 379

/opt/microchip/xc8/v1.32/sources/common/doprnt.c
		_printf        		CODE           	00E2	0000	164

/opt/microchip/xc8/v1.32/sources/common/doprnt.c estimated size: 164

main.c
		_ISR           		CODE           	001A	0000	200
		_putch         		CODE           	0455	0000	6
		_main          		CODE           	045B	0000	5
		_buzz_ok       		CODE           	03F6	0000	20
		_set_portAbit  		CODE           	0387	0000	39
		_USART_getc    		CODE           	043B	0000	10
		_USART_putc    		CODE           	0445	0000	8
		_buzz_error    		CODE           	031E	0000	53
		_BOARD_init    		CODE           	03D4	0000	34

main.c estimated size: 375

