Microchip MPLAB XC8 Compiler V1.32 ()

Linker command line:

--edf=/opt/microchip/xc8/v1.32/dat/en_msgs.txt -cs \
  -h+dist/default/production/PIC16f628A.X.production.sym \
  --cmf=dist/default/production/PIC16f628A.X.production.cmf -z -Q16F628A \
  -o/tmp/cgtyqTyLl -Mdist/default/production/PIC16f628A.X.production.map \
  -E1 -ver=XC8 -ASTACK=0A0h-0efh -pstack=STACK -ACONST=00h-0FFhx8 \
  -ACODE=00h-07FFh -ASTRCODE=00h-07FFh -AENTRY=00h-0FFhx8 \
  -ASTRING=00h-0FFhx8 -ACOMMON=070h-07Fh -ABANK0=020h-06Fh \
  -ABANK1=0A0h-0EFh -ABANK2=0120h-014Fh \
  -ARAM=020h-06Fh,0A0h-0EFh,0120h-014Fh \
  -AABS1=020h-07Fh,0A0h-0EFh,0120h-014Fh -ASFR0=00h-01Fh -ASFR1=080h-09Fh \
  -ASFR2=0100h-011Fh -ASFR3=0180h-01EFh \
  -preset_vec=00h,intentry=04h,init,end_init -ppowerup=CODE -pcinit=CODE \
  -pfunctab=CODE -ACONFIG=02007h-02007h -pconfig=CONFIG -DCONFIG=2 \
  -AIDLOC=02000h-02003h -pidloc=IDLOC -DIDLOC=2 -AEEDATA=00h-07Fh/02100h \
  -peeprom_data=EEDATA -DEEDATA=2 -DCODE=2 -DSTRCODE=2 -DSTRING=2 -DCONST=2 \
  -DENTRY=2 -k /tmp/cgthwWNVn.obj \
  dist/default/production/PIC16f628A.X.production.obj 

Object code version is 3.11

Machine type is 16F628A



                Name                               Link     Load   Length Selector   Space Scale
/tmp/cgthwWNVn.obj
                end_init                             10       10        1        8       0
                reset_vec                             0        0        1        0       0
                config                             2007     2007        1     400E       0
dist/default/production/PIC16f628A.X.production.obj
                cinit                                11       11        9        8       0
                intentry                              4        4        C        8       0
                text16                              1D6      1D6       35      3AC       0
                text15                              2C9      2C9        D      3AC       0
                text14                              2BB      2BB        E      3AC       0
                text13                              2AA      2AA       11      3AC       0
                text12                              20B      20B       27      3AC       0
                text11                              232      232       26      3AC       0
                text10                              293      293       17      3AC       0
                text9                               2DE      2DE        8      3AC       0
                text8                               2F1      2F1        4      3AC       0
                text7                               13A      13A       53        8       0
                text6                                1A       1A       C9        8       0
                text5                               258      258       22      3AC       0
                text4                               27A      27A       19      3AC       0
                text3                               2D6      2D6        8      3AC       0
                text2                               2E6      2E6        6      3AC       0
                text1                                E3       E3       57        8       0
                maintext                            2EC      2EC        5      3AC       0
                cstackBANK0                          20       20       12       20       1
                cstackCOMMON                         70       70        D       70       1
                bssBANK0                             32       32        6       20       1
                bssCOMMON                            7D       7D        1       70       1
                strings                             18D      18D       49      31A       0

TOTAL           Name                               Link     Load   Length     Space
        CLASS   STACK          

        CLASS   CONST          

        CLASS   CODE           
                end_init                             10       10        1         0
                cinit                                11       11        9         0
                intentry                              4        4        C         0
                reset_vec                             0        0        1         0
                text16                              1D6      1D6       35         0
                text15                              2C9      2C9        D         0
                text14                              2BB      2BB        E         0
                text13                              2AA      2AA       11         0
                text12                              20B      20B       27         0
                text11                              232      232       26         0
                text10                              293      293       17         0
                text9                               2DE      2DE        8         0
                text8                               2F1      2F1        4         0
                text7                               13A      13A       53         0
                text6                                1A       1A       C9         0
                text5                               258      258       22         0
                text4                               27A      27A       19         0
                text3                               2D6      2D6        8         0
                text2                               2E6      2E6        6         0
                text1                                E3       E3       57         0
                maintext                            2EC      2EC        5         0

        CLASS   STRCODE        

        CLASS   ENTRY          

        CLASS   STRING         
                strings                             18D      18D       49         0

        CLASS   COMMON         
                cstackCOMMON                         70       70        D         1
                bssCOMMON                            7D       7D        1         1

        CLASS   BANK0          
                cstackBANK0                          20       20       12         1
                bssBANK0                             32       32        6         1

        CLASS   BANK1          

        CLASS   BANK2          

        CLASS   RAM            

        CLASS   ABS1           
                abs_s1                               7E       7E        2         1

        CLASS   SFR0           

        CLASS   SFR1           

        CLASS   SFR2           

        CLASS   SFR3           

        CLASS   CONFIG         
                config                             2007     2007        1         0

        CLASS   IDLOC          

        CLASS   EEDATA         

        CLASS   BANK3          



SEGMENTS        Name                           Load    Length   Top    Selector   Space  Class     Delta

                reset_vec                      000000  000001  000001         0       0  CODE        2
                intentry                       000004  000189  00018D         8       0  CODE        2
                cstackBANK0                    000020  000018  000038        20       1  BANK0       1
                cstackCOMMON                   000070  00000E  00007E        70       1  COMMON      1
                strings                        00018D  000049  0001D6       31A       0  STRING      2
                text16                         0001D6  00011F  0002F5       3AC       0  CODE        2
                config                         002007  000001  002008      400E       0  CONFIG      2


UNUSED ADDRESS RANGES

        Name                Unused          Largest block    Delta
        BANK0            0038-006F             38           1
        BANK1            00A0-00EF             50           1
        BANK2            0120-014F             30           1
        CODE             0001-0003              3           2
                         02F5-07FF            50B
        CONST            0001-0003              3           2
                         02F5-07FF            100
        EEDATA           2100-217F             80           2
        ENTRY            0001-0003              3           2
                         02F5-07FF            100
        IDLOC            2000-2003              4           2
        RAM              0038-006F             38           1
                         00A0-00EF             50
                         0120-014F             30
        SFR0             0000-001F             20           1
        SFR1             0080-009F             20           1
        SFR2             0100-011F             20           1
        SFR3             0180-01EF             70           1
        STACK            00A0-00EF             50           1
        STRCODE          0001-0003              3           2
                         02F5-07FF            50B
        STRING           0001-0003              3           2
                         02F5-07FF            100

                                  Symbol Table

?_printf                 cstackCOMMON 0070
?_strcmp                 cstackCOMMON 0070
?i1_printf               cstackCOMMON 0072
ISR@b                    cstackCOMMON 007C
ISR@i                    bssCOMMON    007D
USART_putc@Byte          cstackBANK0  0027
_BOARD_init              text5        0258
_BRGH                    (abs)        04C2
_CREN                    (abs)        00C4
_FERR                    (abs)        00C2
_GIE                     (abs)        005F
_ISR                     text6        001A
_OERR                    (abs)        00C1
_PEIE                    (abs)        005E
_PORTA                   (abs)        0005
_RA0                     (abs)        0028
_RA3                     (abs)        002B
_RB5                     (abs)        0035
_RCIE                    (abs)        0465
_RCIF                    (abs)        0065
_RCREG                   (abs)        001A
_RX9                     (abs)        00C6
_SPBRG                   (abs)        0099
_SPEN                    (abs)        00C7
_SREN                    (abs)        00C5
_SYNC                    (abs)        04C4
_TRISA0                  (abs)        0428
_TRISA1                  (abs)        0429
_TRISA2                  (abs)        042A
_TRISA3                  (abs)        042B
_TRISB1                  (abs)        0431
_TRISB2                  (abs)        0432
_TRISB3                  (abs)        0433
_TRISB5                  (abs)        0435
_TX9                     (abs)        04C6
_TXEN                    (abs)        04C5
_TXIE                    (abs)        0464
_TXIF                    (abs)        0064
_TXREG                   (abs)        0019
_USART_getc              text15       02C9
_USART_putc              text3        02D6
__CFG_BOREN$ON           (abs)        0000
__CFG_CP$OFF             (abs)        0000
__CFG_CPD$OFF            (abs)        0000
__CFG_FOSC$INTOSCIO      (abs)        0000
__CFG_LVP$OFF            (abs)        0000
__CFG_MCLRE$ON           (abs)        0000
__CFG_PWRTE$ON           (abs)        0000
__CFG_WDTE$OFF           (abs)        0000
__Habs1                  abs1         0000
__Hbank0                 bank0        0000
__Hbank1                 bank1        0000
__Hbank2                 bank2        0000
__Hbank3                 bank3        0000
__HbssBANK0              bssBANK0     0000
__HbssCOMMON             bssCOMMON    0000
__Hcinit                 cinit        001A
__Hclrtext               clrtext      0000
__Hcode                  code         0000
__Hcommon                common       0000
__Hconfig                config       2008
__HcstackBANK0           cstackBANK0  0000
__HcstackCOMMON          cstackCOMMON 0000
__Heeprom_data           eeprom_data  0000
__Hend_init              end_init     0011
__Hfunctab               functab      0000
__Hidloc                 idloc        0000
__Hinit                  init         0010
__Hintentry              intentry     0010
__Hmaintext              maintext     0000
__Hpowerup               powerup      0000
__Hram                   ram          0000
__Hreset_vec             reset_vec    0001
__Hsfr0                  sfr0         0000
__Hsfr1                  sfr1         0000
__Hsfr2                  sfr2         0000
__Hsfr3                  sfr3         0000
__Hspace_0               (abs)        2008
__Hspace_1               (abs)        007E
__Hspace_2               (abs)        0000
__Hspace_3               (abs)        0000
__Hstack                 stack        0000
__Hstrings               strings      0000
__Htext                  text         0000
__Labs1                  abs1         0000
__Lbank0                 bank0        0000
__Lbank1                 bank1        0000
__Lbank2                 bank2        0000
__Lbank3                 bank3        0000
__LbssBANK0              bssBANK0     0000
__LbssCOMMON             bssCOMMON    0000
__Lcinit                 cinit        0011
__Lclrtext               clrtext      0000
__Lcode                  code         0000
__Lcommon                common       0000
__Lconfig                config       2007
__LcstackBANK0           cstackBANK0  0000
__LcstackCOMMON          cstackCOMMON 0000
__Leeprom_data           eeprom_data  0000
__Lend_init              end_init     0010
__Lfunctab               functab      0000
__Lidloc                 idloc        0000
__Linit                  init         0010
__Lintentry              intentry     0004
__Lmaintext              maintext     0000
__Lpowerup               powerup      0000
__Lram                   ram          0000
__Lreset_vec             reset_vec    0000
__Lsfr0                  sfr0         0000
__Lsfr1                  sfr1         0000
__Lsfr2                  sfr2         0000
__Lsfr3                  sfr3         0000
__Lspace_0               (abs)        0000
__Lspace_1               (abs)        0000
__Lspace_2               (abs)        0000
__Lspace_3               (abs)        0000
__Lstack                 stack        0000
__Lstrings               strings      0000
__Ltext                  text         0000
__S0                     (abs)        2008
__S1                     (abs)        007E
__S2                     (abs)        0000
__S3                     (abs)        0000
___int_sp                stack        0000
___latbits               (abs)        0000
___sp                    stack        0000
__end_of_BOARD_init      text5        027A
__end_of_ISR             text6        00E3
__end_of_USART_getc      text15       02D6
__end_of_USART_putc      text3        02DE
__end_of__initialization cinit        0018
__end_of__stringdata     strings      01D6
__end_of__stringtab      strings      019D
__end_of_buzz_error      text16       020B
__end_of_buzz_ok         text4        0293
__end_of_isalpha         text13       02BB
__end_of_isupper         text14       02C9
__end_of_main            maintext     02F1
__end_of_printf          text1        013A
__end_of_putch           text2        02EC
__end_of_set_portAbit    text12       0232
__end_of_strcmp          text11       0258
__end_ofi1_USART_putc    text9        02E6
__end_ofi1_buzz_ok       text10       02AA
__end_ofi1_printf        text7        018D
__end_ofi1_putch         text8        02F5
__initialization         cinit        0011
__pbssBANK0              bssBANK0     0032
__pbssCOMMON             bssCOMMON    007D
__pcstackBANK0           cstackBANK0  0020
__pcstackCOMMON          cstackCOMMON 0070
__pintentry              intentry     0004
__pmaintext              maintext     02EC
__pstrings               strings      018D
__ptext1                 text1        00E3
__ptext10                text10       0293
__ptext11                text11       0232
__ptext12                text12       020B
__ptext13                text13       02AA
__ptext14                text14       02BB
__ptext15                text15       02C9
__ptext16                text16       01D6
__ptext2                 text2        02E6
__ptext3                 text3        02D6
__ptext4                 text4        027A
__ptext5                 text5        0258
__ptext6                 text6        001A
__ptext7                 text7        013A
__ptext8                 text8        02F1
__ptext9                 text9        02DE
__size_of_BOARD_init     (abs)        0000
__size_of_ISR            (abs)        0000
__size_of_USART_getc     (abs)        0000
__size_of_USART_putc     (abs)        0000
__size_of_buzz_error     (abs)        0000
__size_of_buzz_ok        (abs)        0000
__size_of_isalpha        (abs)        0000
__size_of_isupper        (abs)        0000
__size_of_main           (abs)        0000
__size_of_printf         (abs)        0000
__size_of_putch          (abs)        0000
__size_of_set_portAbit   (abs)        0000
__size_of_strcmp         (abs)        0000
__size_ofi1_USART_putc   (abs)        0000
__size_ofi1_buzz_ok      (abs)        0000
__size_ofi1_printf       (abs)        0000
__size_ofi1_putch        (abs)        0000
__stringbase             strings      019C
__stringdata             strings      019D
__stringtab              strings      018D
_buzz_error              text16       01D6
_buzz_ok                 text4        027A
_isalpha                 text13       02AA
_isalpha$345             cstackCOMMON 0072
_isupper                 text14       02BB
_isupper$348             cstackCOMMON 0070
_main                    maintext     02EC
_printf                  text1        00E3
_putch                   text2        02E6
_receive_buffer          bssBANK0     0033
_sPORTA                  bssBANK0     0032
_set_portAbit            text12       020B
_strcmp                  text11       0232
btemp                    (abs)        007E
buzz_error@buzz          cstackCOMMON 0072
buzz_ok@buzz             cstackBANK0  0028
end_of_initialization    cinit        0018
i1USART_putc@Byte        cstackCOMMON 0070
i1_USART_putc            text9        02DE
i1_buzz_ok               text10       0293
i1_printf                text7        013A
i1_putch                 text8        02F1
i1buzz_ok@buzz           cstackCOMMON 0071
i1printf@_val            cstackCOMMON 0078
i1printf@ap              cstackCOMMON 0076
i1printf@c               cstackCOMMON 0077
i1printf@f               cstackCOMMON 0075
i1printf@flag            cstackCOMMON 0074
i1putch@byte             cstackCOMMON 0071
interrupt_function       intentry     0004
intlevel0                functab      0000
intlevel1                functab      0000
intlevel2                functab      0000
intlevel3                functab      0000
intlevel4                functab      0000
intlevel5                functab      0000
isalpha@c                cstackCOMMON 0073
isupper@c                cstackCOMMON 0071
ltemp                    (abs)        007E
ltemp0                   (abs)        007E
ltemp1                   (abs)        0082
ltemp2                   (abs)        0086
ltemp3                   (abs)        0080
printf@_val              cstackBANK0  002E
printf@ap                cstackBANK0  002B
printf@c                 cstackBANK0  002C
printf@f                 cstackBANK0  002D
printf@flag              cstackBANK0  002A
putch@byte               cstackBANK0  0028
reset_vec                reset_vec    0000
saved_w                  (abs)        007E
set_portAbit@bt          cstackCOMMON 0073
set_portAbit@val         cstackCOMMON 0070
stackhi                  (abs)        0000
stacklo                  (abs)        0000
start                    init         0010
start_initialization     cinit        0011
strcmp@r                 cstackCOMMON 0074
strcmp@s1                cstackCOMMON 0075
strcmp@s2                cstackCOMMON 0070
ttemp                    (abs)        007E
ttemp0                   (abs)        007E
ttemp1                   (abs)        0081
ttemp2                   (abs)        0084
ttemp3                   (abs)        0087
ttemp4                   (abs)        007F
wtemp                    (abs)        007E
wtemp0                   (abs)        007E
wtemp1                   (abs)        0080
wtemp2                   (abs)        0082
wtemp3                   (abs)        0084
wtemp4                   (abs)        0086
wtemp5                   (abs)        0088
wtemp6                   (abs)        007F


FUNCTION INFORMATION:

 *************** function _main *****************
 Defined at:
		line 60 in file "main.c"
 Parameters:    Size  Location     Type
		None
 Auto vars:     Size  Location     Type
		None
 Return value:  Size  Location     Type
		None               void
 Registers used:
		wreg, fsr0l, fsr0h, status,2, status,0, btemp+1, pclath, cstack
 Tracked objects:
		On entry : 
		On exit  : 
		Unchanged: 
 Data sizes:     COMMON   BANK0   BANK1   BANK2
      Params:         0       0       0       0
      Locals:         0       0       0       0
      Temps:          0       0       0       0
      Totals:         0       0       0       0
Total ram usage:        0 bytes
 Hardware stack levels required when called:    7
 This function calls:
		_BOARD_init
		_buzz_ok
		_printf
 This function is called by:
		Startup code after reset
 This function uses a non-reentrant model


 *************** function _printf *****************
 Defined at:
		line 464 in file "/opt/microchip/xc8/v1.32/sources/common/doprnt.c"
 Parameters:    Size  Location     Type
  f               1    wreg     PTR const unsigned char 
		 -> STR_8(5), STR_4(12), STR_1(8), 
 Auto vars:     Size  Location     Type
  f               1   13[BANK0 ] PTR const unsigned char 
		 -> STR_8(5), STR_4(12), STR_1(8), 
  _val            4   14[BANK0 ] struct .
  c               1   12[BANK0 ] char 
  ap              1   11[BANK0 ] PTR void [1]
		 -> ?i1_printf(2), ?_printf(2), 
  flag            1   10[BANK0 ] unsigned char 
  prec            1    0        char 
 Return value:  Size  Location     Type
                  2    4[COMMON] int 
 Registers used:
		wreg, fsr0l, fsr0h, status,2, status,0, btemp+1, pclath, cstack
 Tracked objects:
		On entry : 
		On exit  : 
		Unchanged: 
 Data sizes:     COMMON   BANK0   BANK1   BANK2
      Params:         0       0       0       0
      Locals:         0       8       0       0
      Temps:          0       1       0       0
      Totals:         0       9       0       0
Total ram usage:        9 bytes
 Hardware stack levels used:    1
 Hardware stack levels required when called:    6
 This function calls:
		_putch
 This function is called by:
		_main
 This function uses a non-reentrant model


 *************** function _putch *****************
 Defined at:
		line 194 in file "main.c"
 Parameters:    Size  Location     Type
  byte            1    wreg     unsigned char 
 Auto vars:     Size  Location     Type
  byte            1    8[BANK0 ] unsigned char 
 Return value:  Size  Location     Type
		None               void
 Registers used:
		wreg, status,2, status,0, pclath, cstack
 Tracked objects:
		On entry : 
		On exit  : 
		Unchanged: 
 Data sizes:     COMMON   BANK0   BANK1   BANK2
      Params:         0       0       0       0
      Locals:         0       1       0       0
      Temps:          0       0       0       0
      Totals:         0       1       0       0
Total ram usage:        1 bytes
 Hardware stack levels used:    1
 Hardware stack levels required when called:    5
 This function calls:
		_USART_putc
 This function is called by:
		_printf
 This function uses a non-reentrant model


 *************** function _USART_putc *****************
 Defined at:
		line 145 in file "main.c"
 Parameters:    Size  Location     Type
  Byte            1    wreg     unsigned char 
 Auto vars:     Size  Location     Type
  Byte            1    7[BANK0 ] unsigned char 
 Return value:  Size  Location     Type
		None               void
 Registers used:
		wreg
 Tracked objects:
		On entry : 
		On exit  : 
		Unchanged: 
 Data sizes:     COMMON   BANK0   BANK1   BANK2
      Params:         0       0       0       0
      Locals:         0       1       0       0
      Temps:          0       0       0       0
      Totals:         0       1       0       0
Total ram usage:        1 bytes
 Hardware stack levels used:    1
 Hardware stack levels required when called:    4
 This function calls:
		Nothing
 This function is called by:
		_putch
 This function uses a non-reentrant model


 *************** function _buzz_ok *****************
 Defined at:
		line 169 in file "main.c"
 Parameters:    Size  Location     Type
		None
 Auto vars:     Size  Location     Type
  buzz            2    8[BANK0 ] unsigned int 
 Return value:  Size  Location     Type
		None               void
 Registers used:
		wreg, status,2, status,0
 Tracked objects:
		On entry : 
		On exit  : 
		Unchanged: 
 Data sizes:     COMMON   BANK0   BANK1   BANK2
      Params:         0       0       0       0
      Locals:         0       2       0       0
      Temps:          0       1       0       0
      Totals:         0       3       0       0
Total ram usage:        3 bytes
 Hardware stack levels used:    1
 Hardware stack levels required when called:    4
 This function calls:
		Nothing
 This function is called by:
		_main
 This function uses a non-reentrant model


 *************** function _BOARD_init *****************
 Defined at:
		line 68 in file "main.c"
 Parameters:    Size  Location     Type
		None
 Auto vars:     Size  Location     Type
		None
 Return value:  Size  Location     Type
		None               void
 Registers used:
		wreg
 Tracked objects:
		On entry : 
		On exit  : 
		Unchanged: 
 Data sizes:     COMMON   BANK0   BANK1   BANK2
      Params:         0       0       0       0
      Locals:         0       0       0       0
      Temps:          0       0       0       0
      Totals:         0       0       0       0
Total ram usage:        0 bytes
 Hardware stack levels used:    1
 Hardware stack levels required when called:    4
 This function calls:
		Nothing
 This function is called by:
		_main
 This function uses a non-reentrant model


 *************** function _ISR *****************
 Defined at:
		line 100 in file "main.c"
 Parameters:    Size  Location     Type
		None
 Auto vars:     Size  Location     Type
  b               1   12[COMMON] unsigned char 
 Return value:  Size  Location     Type
		None               void
 Registers used:
		wreg, fsr0l, fsr0h, status,2, status,0, btemp+1, pclath, cstack
 Tracked objects:
		On entry : 
		On exit  : 
		Unchanged: 
 Data sizes:     COMMON   BANK0   BANK1   BANK2
      Params:         0       0       0       0
      Locals:         1       0       0       0
      Temps:          0       7       0       0
      Totals:         1       7       0       0
Total ram usage:        8 bytes
 Hardware stack levels used:    1
 Hardware stack levels required when called:    3
 This function calls:
		_USART_getc
		_buzz_error
		_isalpha
		_set_portAbit
		_strcmp
		i1_buzz_ok
		i1_printf
 This function is called by:
		Interrupt level 1
 This function uses a non-reentrant model


 *************** function i1_printf *****************
 Defined at:
		line 464 in file "/opt/microchip/xc8/v1.32/sources/common/doprnt.c"
 Parameters:    Size  Location     Type
  f               1    wreg     PTR const unsigned char 
		 -> STR_8(5), STR_4(12), STR_1(8), 
 Auto vars:     Size  Location     Type
  f               1    5[COMMON] PTR const unsigned char 
		 -> STR_8(5), STR_4(12), STR_1(8), 
  printf          4    8[COMMON] struct .
  printf          1    7[COMMON] char 
  printf          1    6[COMMON] PTR void [1]
		 -> ?i1_printf(2), ?_printf(2), 
  printf          1    4[COMMON] unsigned char 
  printf          1    0        char 
 Return value:  Size  Location     Type
                  2    2[COMMON] int 
 Registers used:
		wreg, fsr0l, fsr0h, status,2, status,0, btemp+1, pclath, cstack
 Tracked objects:
		On entry : 
		On exit  : 
		Unchanged: 
 Data sizes:     COMMON   BANK0   BANK1   BANK2
      Params:         1       0       0       0
      Locals:         8       0       0       0
      Temps:          1       0       0       0
      Totals:        10       0       0       0
Total ram usage:       10 bytes
 Hardware stack levels used:    1
 Hardware stack levels required when called:    2
 This function calls:
		i1_putch
 This function is called by:
		_ISR
 This function uses a non-reentrant model


 *************** function i1_putch *****************
 Defined at:
		line 194 in file "main.c"
 Parameters:    Size  Location     Type
  byte            1    wreg     unsigned char 
 Auto vars:     Size  Location     Type
  byte            1    1[COMMON] unsigned char 
 Return value:  Size  Location     Type
		None               void
 Registers used:
		wreg, status,2, status,0, pclath, cstack
 Tracked objects:
		On entry : 
		On exit  : 
		Unchanged: 
 Data sizes:     COMMON   BANK0   BANK1   BANK2
      Params:         0       0       0       0
      Locals:         1       0       0       0
      Temps:          0       0       0       0
      Totals:         1       0       0       0
Total ram usage:        1 bytes
 Hardware stack levels used:    1
 Hardware stack levels required when called:    1
 This function calls:
		i1_USART_putc
 This function is called by:
		i1_printf
 This function uses a non-reentrant model


 *************** function i1_USART_putc *****************
 Defined at:
		line 145 in file "main.c"
 Parameters:    Size  Location     Type
  Byte            1    wreg     unsigned char 
 Auto vars:     Size  Location     Type
  Byte            1    0[COMMON] unsigned char 
 Return value:  Size  Location     Type
		None               void
 Registers used:
		wreg
 Tracked objects:
		On entry : 
		On exit  : 
		Unchanged: 
 Data sizes:     COMMON   BANK0   BANK1   BANK2
      Params:         0       0       0       0
      Locals:         1       0       0       0
      Temps:          0       0       0       0
      Totals:         1       0       0       0
Total ram usage:        1 bytes
 Hardware stack levels used:    1
 This function calls:
		Nothing
 This function is called by:
		i1_putch
 This function uses a non-reentrant model


 *************** function i1_buzz_ok *****************
 Defined at:
		line 169 in file "main.c"
 Parameters:    Size  Location     Type
		None
 Auto vars:     Size  Location     Type
  buzz_ok         2    1[COMMON] unsigned int 
 Return value:  Size  Location     Type
		None               void
 Registers used:
		wreg, status,2, status,0
 Tracked objects:
		On entry : 
		On exit  : 
		Unchanged: 
 Data sizes:     COMMON   BANK0   BANK1   BANK2
      Params:         0       0       0       0
      Locals:         2       0       0       0
      Temps:          1       0       0       0
      Totals:         3       0       0       0
Total ram usage:        3 bytes
 Hardware stack levels used:    1
 This function calls:
		Nothing
 This function is called by:
		_ISR
 This function uses a non-reentrant model


 *************** function _strcmp *****************
 Defined at:
		line 33 in file "/opt/microchip/xc8/v1.32/sources/common/strcmp.c"
 Parameters:    Size  Location     Type
  s1              1    wreg     PTR const unsigned char 
		 -> receive_buffer(5), 
  s2              1    0[COMMON] PTR const unsigned char 
		 -> STR_7(5), STR_6(5), STR_5(5), STR_3(5), 
		 -> STR_2(5), 
 Auto vars:     Size  Location     Type
  s1              1    5[COMMON] PTR const unsigned char 
		 -> receive_buffer(5), 
  r               1    4[COMMON] char 
 Return value:  Size  Location     Type
                  2    0[COMMON] int 
 Registers used:
		wreg, fsr0l, fsr0h, status,2, status,0, pclath
 Tracked objects:
		On entry : 
		On exit  : 
		Unchanged: 
 Data sizes:     COMMON   BANK0   BANK1   BANK2
      Params:         2       0       0       0
      Locals:         2       0       0       0
      Temps:          2       0       0       0
      Totals:         6       0       0       0
Total ram usage:        6 bytes
 Hardware stack levels used:    2
 This function calls:
		Nothing
 This function is called by:
		_ISR
 This function uses a non-reentrant model


 *************** function _set_portAbit *****************
 Defined at:
		line 200 in file "main.c"
 Parameters:    Size  Location     Type
  bt              1    wreg     unsigned char 
  val             1    0[COMMON] unsigned char 
 Auto vars:     Size  Location     Type
  bt              1    3[COMMON] unsigned char 
 Return value:  Size  Location     Type
		None               void
 Registers used:
		wreg, status,2, status,0
 Tracked objects:
		On entry : 
		On exit  : 
		Unchanged: 
 Data sizes:     COMMON   BANK0   BANK1   BANK2
      Params:         1       0       0       0
      Locals:         1       0       0       0
      Temps:          2       0       0       0
      Totals:         4       0       0       0
Total ram usage:        4 bytes
 Hardware stack levels used:    1
 This function calls:
		Nothing
 This function is called by:
		_ISR
 This function uses a non-reentrant model


 *************** function _isalpha *****************
 Defined at:
		line 8 in file "/opt/microchip/xc8/v1.32/sources/common/isalpha.c"
 Parameters:    Size  Location     Type
  c               1    wreg     unsigned char 
 Auto vars:     Size  Location     Type
  c               1    3[COMMON] unsigned char 
 Return value:  Size  Location     Type
		None               void
 Registers used:
		wreg, status,2, status,0, pclath, cstack
 Tracked objects:
		On entry : 
		On exit  : 
		Unchanged: 
 Data sizes:     COMMON   BANK0   BANK1   BANK2
      Params:         0       0       0       0
      Locals:         2       0       0       0
      Temps:          0       0       0       0
      Totals:         2       0       0       0
Total ram usage:        2 bytes
 Hardware stack levels used:    1
 Hardware stack levels required when called:    1
 This function calls:
		_isupper
 This function is called by:
		_ISR
 This function uses a non-reentrant model


 *************** function _isupper *****************
 Defined at:
		line 8 in file "/opt/microchip/xc8/v1.32/sources/common/isupper.c"
 Parameters:    Size  Location     Type
  c               1    wreg     unsigned char 
 Auto vars:     Size  Location     Type
  c               1    1[COMMON] unsigned char 
 Return value:  Size  Location     Type
		None               void
 Registers used:
		wreg, status,2, status,0
 Tracked objects:
		On entry : 
		On exit  : 
		Unchanged: 
 Data sizes:     COMMON   BANK0   BANK1   BANK2
      Params:         0       0       0       0
      Locals:         2       0       0       0
      Temps:          0       0       0       0
      Totals:         2       0       0       0
Total ram usage:        2 bytes
 Hardware stack levels used:    1
 This function calls:
		Nothing
 This function is called by:
		_isalpha
 This function uses a non-reentrant model


 *************** function _USART_getc *****************
 Defined at:
		line 151 in file "main.c"
 Parameters:    Size  Location     Type
		None
 Auto vars:     Size  Location     Type
		None
 Return value:  Size  Location     Type
                  1    wreg      unsigned char 
 Registers used:
		wreg, status,2, status,0, pclath, cstack
 Tracked objects:
		On entry : 
		On exit  : 
		Unchanged: 
 Data sizes:     COMMON   BANK0   BANK1   BANK2
      Params:         0       0       0       0
      Locals:         0       0       0       0
      Temps:          0       0       0       0
      Totals:         0       0       0       0
Total ram usage:        0 bytes
 Hardware stack levels used:    1
 Hardware stack levels required when called:    1
 This function calls:
		_buzz_error
 This function is called by:
		_ISR
 This function uses a non-reentrant model


 *************** function _buzz_error *****************
 Defined at:
		line 178 in file "main.c"
 Parameters:    Size  Location     Type
		None
 Auto vars:     Size  Location     Type
  buzz            1    2[COMMON] unsigned char 
 Return value:  Size  Location     Type
		None               void
 Registers used:
		wreg, status,2, status,0
 Tracked objects:
		On entry : 
		On exit  : 
		Unchanged: 
 Data sizes:     COMMON   BANK0   BANK1   BANK2
      Params:         0       0       0       0
      Locals:         1       0       0       0
      Temps:          2       0       0       0
      Totals:         3       0       0       0
Total ram usage:        3 bytes
 Hardware stack levels used:    1
 This function calls:
		Nothing
 This function is called by:
		_ISR
		_USART_getc
 This function uses a non-reentrant model



MODULE INFORMATION

Module		Function		Class		Link	Load	Size
/opt/microchip/xc8/v1.32/sources/common/isupper.c
		_isupper       		CODE           	02BB	0000	14

/opt/microchip/xc8/v1.32/sources/common/isupper.c estimated size: 14

/opt/microchip/xc8/v1.32/sources/common/strcmp.c
		_strcmp        		CODE           	0232	0000	38

/opt/microchip/xc8/v1.32/sources/common/strcmp.c estimated size: 38

/opt/microchip/xc8/v1.32/sources/common/isalpha.c
		_isalpha       		CODE           	02AA	0000	17

/opt/microchip/xc8/v1.32/sources/common/isalpha.c estimated size: 17

shared
		i1_printf      		CODE           	013A	0000	83
		i1_putch       		CODE           	02F1	0000	4
		__stringtab    		STRING         	018D	0000	16
		__stringdata   		STRING         	019D	0000	57
		i1_buzz_ok     		CODE           	0293	0000	23
		__initializatio		CODE           	0011	0000	7
		i1_USART_putc  		CODE           	02DE	0000	8

shared estimated size: 198

/opt/microchip/xc8/v1.32/sources/common/doprnt.c
		_printf        		CODE           	00E3	0000	87

/opt/microchip/xc8/v1.32/sources/common/doprnt.c estimated size: 87

main.c
		_ISR           		CODE           	001A	0000	201
		_putch         		CODE           	02E6	0000	6
		_main          		CODE           	02EC	0000	5
		_buzz_ok       		CODE           	027A	0000	25
		_set_portAbit  		CODE           	020B	0000	39
		_USART_getc    		CODE           	02C9	0000	13
		_USART_putc    		CODE           	02D6	0000	8
		_buzz_error    		CODE           	01D6	0000	53
		_BOARD_init    		CODE           	0258	0000	34

main.c estimated size: 384

